// Jest Snapshot v1, https://goo.gl/fbAQLP

exports[`commonSchemaToMySQLDDL 1`] = `
"CREATE TABLE \`TEST_TABLE\` (
id VARCHAR(255) NOT NULL,
\`k1\` LONGTEXT DEFAULT NULL,
\`k2\` LONGTEXT DEFAULT NULL,
\`k3\` INT(11) DEFAULT NULL,
\`even\` TINYINT(1) DEFAULT NULL,
\`created\` INT(11) DEFAULT NULL,
\`updated\` INT(11) DEFAULT NULL,
PRIMARY KEY (id)
) ENGINE=InnoDB"
`;
